// Jest Snapshot v1, https://goo.gl/fbAQLP

exports[`macro with config should not add componentId with a config disabling ssr: should not add componentId with a config disabling ssr 1`] = `
"
import styled from '../../../macro'

styled.div\`
  background: red;
\`

      ↓ ↓ ↓ ↓ ↓ ↓

import _styled from 'styled-components';


_styled.div.withConfig({
  displayName: 'macro-with-configtest'
})(['background:red;']);
"
`;
